// Jest Snapshot v1, https://goo.gl/fbAQLP

exports[`<Loading /> should render loading screen 1`] = `[Function]`;
