// Jest Snapshot v1, https://goo.gl/fbAQLP

exports[`<Loading /> should render without errors 1`] = `"[34mtest test[39m"`;
