// Jest Snapshot v1, https://goo.gl/fbAQLP

exports[`<Results /> should render without errors 1`] = `"[34msearching for packages...[39m"`;
