// Jest Snapshot v1, https://goo.gl/fbAQLP

exports[`<Search /> should render without errors 1`] = `"[2msearch for a package[22m"`;
